// Jest Snapshot v1, https://goo.gl/fbAQLP

exports[`VSpacer Render component and match snapshot(s) 1`] = `

<div class="spacer">
</div>

`;

exports[`VSpacer should render component and match snapshot 1`] = `

<div class="spacer">
</div>

`;

exports[`VSpacer should render component with custom id and match snapshot 1`] = `

<div class="spacer">
</div>

`;
