// Jest Snapshot v1, https://goo.gl/fbAQLP

exports[`VListTileAction.js Render component and match snapshot(s) 1`] = `

<div class="list__tile__action">
</div>

`;

exports[`VListTileAction.js should render component and match snapshot 1`] = `

<div class="list__tile__action">
</div>

`;
