// Jest Snapshot v1, https://goo.gl/fbAQLP

exports[`VSelect.js should render buttons correctly when using items array with segmented prop 1`] = `

<div tabindex="0"
     class="input-group input-group--dirty input-group--append-icon input-group--text-field input-group--select input-group--segmented input-group--single-line"
>
  <div class="input-group__input">
    <div class="input-group__selections"
         style="overflow: hidden;"
    >
      <button type="button"
              class="btn btn--flat"
      >
        <div class="btn__content">
          Hello
        </div>
      </button>
    </div>
    <div class="menu"
         style="display: inline-block;"
    >
      <div class="menu__content  menu__content--dropdown"
           style="max-height: 300px; min-width: 55px; max-width: NaNpx; top: 12px; left: 0px; z-index: 6; display: none;"
      >
        <div class="card"
             style="height: auto;"
        >
          <ul data-uid="53"
              class="list"
          >
            <li>
              <div href="javascript:;"
                   class="list__tile list__tile--link list__tile--active"
              >
                <div class="list__tile__content">
                  <div class="list__tile__title">
                    Hello
                  </div>
                </div>
              </div>
            </li>
          </ul>
        </div>
      </div>
    </div>
    <i class="material-icons icon input-group__append-icon">
      arrow_drop_down
    </i>
  </div>
  <div class="input-group__details">
    <div class="input-group__messages">
    </div>
  </div>
</div>

`;
