// Jest Snapshot v1, https://goo.gl/fbAQLP

exports[`VSwitch Render component and match snapshot(s) only defaults 1`] = `

<div tabindex="0"
     class="input-group input-group--selection-controls switch"
>
  <div class="input-group__input">
    <div class="input-group--selection-controls__container">
      <div class="input-group--selection-controls__toggle">
      </div>
      <div class="input-group--selection-controls__ripple">
      </div>
    </div>
  </div>
  <div class="input-group__details">
    <div class="input-group__messages">
    </div>
  </div>
</div>

`;
